ARM Linker, 4.1 [Build 894] [Evaluation]

==============================================================================

Section Cross References

    test.o(RESET) refers to test.o(Functions) for func_incr
    test.o(RESET) refers to test.o(ProgramData) for STACK_BASE
    test.o(Functions) refers to test.o(ProgramData) for HeapPtr


==============================================================================

Image Symbol Table

    Local Symbols

    Symbol Name                              Value     Ov Type        Size  Object(Section)

    RESET                                    0x00000000   Section       64  test.o(RESET)
    test.s                                   0x00000000   Number         0  test.o ABSOLUTE
    Functions                                0x00001000   Section      204  test.o(Functions)
    PRINTR0_                                 0x00001028   ARM Code       4  test.o(Functions)
    func_incr                                0x000010bc   ARM Code       4  test.o(Functions)
    ProgramData                              0x00002000   Section     2120  test.o(ProgramData)
    HeapPtr                                  0x00002000   Data           4  test.o(ProgramData)
    GLOBAL_a                                 0x00002004   Data           4  test.o(ProgramData)
    HEAP                                     0x00002014   Data        1000  test.o(ProgramData)
    STACK_BASE                               0x000027e4   Data           0  test.o(ProgramData)

    Global Symbols

    Symbol Name                              Value     Ov Type        Size  Object(Section)

    BuildAttributes$$THM_ISAv1$ARM_ISAv4$S$PE$A:L22$X:L11$S22$IEEE1$IW$USESV6$~STKCKD$USESV7$~SHL$OSPACE$EBA8$STANDARDLIB$EABIv2 0x00000000   Number         0  anon$$obj.o ABSOLUTE



==============================================================================

Memory Map of the image

  Image Entry point : 0x00000000

  Load Region LR_ROM1 (Base: 0x00000000, Size: 0x00000040, Max: 0x00001000, ABSOLUTE)

    Execution Region ER_ROM1 (Base: 0x00000000, Size: 0x00000040, Max: 0x00001000, ABSOLUTE)

    Base Addr    Size         Type   Attr      Idx    E Section Name        Object

    0x00000000   0x00000040   Code   RO            2  * RESET               test.o


    Execution Region RW_RAM1 (Base: 0x00002000, Size: 0x00000848, Max: 0x00003000, ABSOLUTE, UNINIT)

    Base Addr    Size         Type   Attr      Idx    E Section Name        Object

    0x00002000   0x00000848   Zero   RW            1    ProgramData         test.o



  Load Region LR_ROM2 (Base: 0x00001000, Size: 0x000000cc, Max: 0x00001000, ABSOLUTE)

    Execution Region ER_ROM2 (Base: 0x00001000, Size: 0x000000cc, Max: 0x00001000, ABSOLUTE)

    Base Addr    Size         Type   Attr      Idx    E Section Name        Object

    0x00001000   0x000000cc   Code   RO            3    Functions           test.o


==============================================================================

Image component sizes


      Code (inc. data)   RO Data    RW Data    ZI Data      Debug   Object Name

       268         60          0          0       2120        368   test.o

    ----------------------------------------------------------------------
       268         60          0          0       2120        368   Object Totals
         0          0          0          0          0          0   (incl. Generated)
         0          0          0          0          0          0   (incl. Padding)

    ----------------------------------------------------------------------
         0          0          0          0          0          0   Library Totals
         0          0          0          0          0          0   (incl. Padding)

    ----------------------------------------------------------------------

==============================================================================


      Code (inc. data)   RO Data    RW Data    ZI Data      Debug   

       268         60          0          0       2120        368   Grand Totals
       268         60          0          0       2120        368   ELF Image Totals
       268         60          0          0          0          0   ROM Totals

==============================================================================

    Total RO  Size (Code + RO Data)                  268 (   0.26kB)
    Total RW  Size (RW Data + ZI Data)              2120 (   2.07kB)
    Total ROM Size (Code + RO Data + RW Data)        268 (   0.26kB)

==============================================================================

